2026-07-16 18:13:21,815 [INFO] ============================================================
2026-07-16 18:13:21,816 [INFO] FineBI RAG 索引构建器 - 启动
2026-07-16 18:13:21,816 [INFO] 文档目录: ['C:\\Users\\user\\.trae-cn\\skills\\finebi-knowledge\\data\\finebi_docs', 'C:\\Users\\user\\.trae-cn\\skills\\finebi-knowledge\\data\\finebi_docs_v7']
2026-07-16 18:13:21,816 [INFO] 索引目录: C:\Users\user\.trae-cn\skills\finebi-knowledge\data\chroma_db
2026-07-16 18:13:21,816 [INFO] ============================================================
2026-07-16 18:13:21,816 [INFO] [1/4] 扫描文档...
2026-07-16 18:13:21,949 [INFO]     找到 2632 个文档
2026-07-16 18:13:21,950 [INFO] [2/4] 分割文档为 chunks...
2026-07-16 18:13:22,886 [INFO]     共生成 18317 个 chunks
2026-07-16 18:13:22,886 [INFO] [3/4] 创建 ChromaDB 集合...
2026-07-16 18:13:27,351 [INFO]     已删除旧集合
2026-07-16 18:13:35,282 [INFO] No device provided, using cpu
2026-07-16 18:13:36,019 [INFO] HTTP Request: HEAD https://huggingface.co/shibing624/text2vec-base-chinese/resolve/main/modules.json "HTTP/1.1 307 Temporary Redirect"
2026-07-16 18:13:36,177 [INFO] HTTP Request: HEAD https://huggingface.co/api/resolve-cache/models/shibing624/text2vec-base-chinese/183bb99aa7af74355fb58d16edf8c13ae7c5433e/modules.json "HTTP/1.1 200 OK"
2026-07-16 18:13:36,402 [INFO] HTTP Request: HEAD https://huggingface.co/shibing624/text2vec-base-chinese/resolve/main/config_sentence_transformers.json "HTTP/1.1 404 Not Found"
2026-07-16 18:13:36,403 [WARNING] Warning: You are sending unauthenticated requests to the HF Hub. Please set a HF_TOKEN to enable higher rate limits and faster downloads.
2026-07-16 18:13:36,404 [INFO] Loading SentenceTransformer model from shibing624/text2vec-base-chinese.
2026-07-16 18:13:36,629 [INFO] HTTP Request: HEAD https://huggingface.co/shibing624/text2vec-base-chinese/resolve/main/config_sentence_transformers.json "HTTP/1.1 404 Not Found"
2026-07-16 18:13:36,860 [INFO] HTTP Request: HEAD https://huggingface.co/shibing624/text2vec-base-chinese/resolve/main/README.md "HTTP/1.1 307 Temporary Redirect"
2026-07-16 18:13:37,017 [INFO] HTTP Request: HEAD https://huggingface.co/api/resolve-cache/models/shibing624/text2vec-base-chinese/183bb99aa7af74355fb58d16edf8c13ae7c5433e/README.md "HTTP/1.1 200 OK"
2026-07-16 18:13:37,246 [INFO] HTTP Request: HEAD https://huggingface.co/shibing624/text2vec-base-chinese/resolve/main/modules.json "HTTP/1.1 307 Temporary Redirect"
2026-07-16 18:13:37,404 [INFO] HTTP Request: HEAD https://huggingface.co/api/resolve-cache/models/shibing624/text2vec-base-chinese/183bb99aa7af74355fb58d16edf8c13ae7c5433e/modules.json "HTTP/1.1 200 OK"
2026-07-16 18:13:37,629 [INFO] HTTP Request: HEAD https://huggingface.co/shibing624/text2vec-base-chinese/resolve/main/sentence_bert_config.json "HTTP/1.1 307 Temporary Redirect"
2026-07-16 18:13:37,786 [INFO] HTTP Request: HEAD https://huggingface.co/api/resolve-cache/models/shibing624/text2vec-base-chinese/183bb99aa7af74355fb58d16edf8c13ae7c5433e/sentence_bert_config.json "HTTP/1.1 200 OK"
2026-07-16 18:13:38,016 [INFO] HTTP Request: HEAD https://huggingface.co/shibing624/text2vec-base-chinese/resolve/main/adapter_config.json "HTTP/1.1 404 Not Found"
2026-07-16 18:13:38,242 [INFO] HTTP Request: HEAD https://huggingface.co/shibing624/text2vec-base-chinese/resolve/main/config.json "HTTP/1.1 307 Temporary Redirect"
2026-07-16 18:13:38,399 [INFO] HTTP Request: HEAD https://huggingface.co/api/resolve-cache/models/shibing624/text2vec-base-chinese/183bb99aa7af74355fb58d16edf8c13ae7c5433e/config.json "HTTP/1.1 200 OK"
2026-07-16 18:13:38,776 [INFO] HTTP Request: HEAD https://huggingface.co/shibing624/text2vec-base-chinese/resolve/main/processor_config.json "HTTP/1.1 404 Not Found"
2026-07-16 18:13:39,003 [INFO] HTTP Request: HEAD https://huggingface.co/shibing624/text2vec-base-chinese/resolve/main/preprocessor_config.json "HTTP/1.1 404 Not Found"
2026-07-16 18:13:39,232 [INFO] HTTP Request: HEAD https://huggingface.co/shibing624/text2vec-base-chinese/resolve/main/video_preprocessor_config.json "HTTP/1.1 404 Not Found"
2026-07-16 18:13:39,464 [INFO] HTTP Request: HEAD https://huggingface.co/shibing624/text2vec-base-chinese/resolve/main/preprocessor_config.json "HTTP/1.1 404 Not Found"
2026-07-16 18:13:39,715 [INFO] HTTP Request: HEAD https://huggingface.co/shibing624/text2vec-base-chinese/resolve/main/tokenizer_config.json "HTTP/1.1 307 Temporary Redirect"
2026-07-16 18:13:39,875 [INFO] HTTP Request: HEAD https://huggingface.co/api/resolve-cache/models/shibing624/text2vec-base-chinese/183bb99aa7af74355fb58d16edf8c13ae7c5433e/tokenizer_config.json "HTTP/1.1 200 OK"
2026-07-16 18:13:40,103 [INFO] HTTP Request: HEAD https://huggingface.co/shibing624/text2vec-base-chinese/resolve/main/config.json "HTTP/1.1 307 Temporary Redirect"
2026-07-16 18:13:40,261 [INFO] HTTP Request: HEAD https://huggingface.co/api/resolve-cache/models/shibing624/text2vec-base-chinese/183bb99aa7af74355fb58d16edf8c13ae7c5433e/config.json "HTTP/1.1 200 OK"
2026-07-16 18:13:40,486 [INFO] HTTP Request: HEAD https://huggingface.co/shibing624/text2vec-base-chinese/resolve/main/config.json "HTTP/1.1 307 Temporary Redirect"
2026-07-16 18:13:40,643 [INFO] HTTP Request: HEAD https://huggingface.co/api/resolve-cache/models/shibing624/text2vec-base-chinese/183bb99aa7af74355fb58d16edf8c13ae7c5433e/config.json "HTTP/1.1 200 OK"
2026-07-16 18:13:40,872 [INFO] HTTP Request: HEAD https://huggingface.co/shibing624/text2vec-base-chinese/resolve/main/tokenizer_config.json "HTTP/1.1 307 Temporary Redirect"
2026-07-16 18:13:41,031 [INFO] HTTP Request: HEAD https://huggingface.co/api/resolve-cache/models/shibing624/text2vec-base-chinese/183bb99aa7af74355fb58d16edf8c13ae7c5433e/tokenizer_config.json "HTTP/1.1 200 OK"
2026-07-16 18:13:41,263 [INFO] HTTP Request: GET https://huggingface.co/api/models/shibing624/text2vec-base-chinese/tree/main/additional_chat_templates?recursive=false&expand=false "HTTP/1.1 404 Not Found"
2026-07-16 18:13:41,498 [INFO] HTTP Request: GET https://huggingface.co/api/models/shibing624/text2vec-base-chinese/tree/main?recursive=true&expand=false "HTTP/1.1 200 OK"
2026-07-16 18:13:41,734 [INFO] HTTP Request: HEAD https://huggingface.co/shibing624/text2vec-base-chinese/resolve/main/1_Pooling/config.json "HTTP/1.1 307 Temporary Redirect"
2026-07-16 18:13:41,892 [INFO] HTTP Request: HEAD https://huggingface.co/api/resolve-cache/models/shibing624/text2vec-base-chinese/183bb99aa7af74355fb58d16edf8c13ae7c5433e/1_Pooling%2Fconfig.json "HTTP/1.1 200 OK"
2026-07-16 18:13:42,123 [INFO] HTTP Request: GET https://huggingface.co/api/models/shibing624/text2vec-base-chinese "HTTP/1.1 200 OK"
2026-07-16 18:13:42,137 [INFO] [4/4] 批量写入索引 (共 18317 条)...
2026-07-16 18:13:50,809 [INFO]     已写入 128/18317
2026-07-16 18:13:59,836 [INFO]     已写入 256/18317
2026-07-16 18:14:08,924 [INFO]     已写入 384/18317
2026-07-16 18:14:18,044 [INFO]     已写入 512/18317
2026-07-16 18:14:27,338 [INFO]     已写入 640/18317
2026-07-16 18:14:37,233 [INFO]     已写入 768/18317
2026-07-16 18:14:46,966 [INFO]     已写入 896/18317
2026-07-16 18:14:56,891 [INFO]     已写入 1024/18317
2026-07-16 18:15:06,580 [INFO]     已写入 1152/18317
2026-07-16 18:15:16,333 [INFO]     已写入 1280/18317
2026-07-16 18:15:26,498 [INFO]     已写入 1408/18317
2026-07-16 18:15:36,573 [INFO]     已写入 1536/18317
2026-07-16 18:15:46,514 [INFO]     已写入 1664/18317
2026-07-16 18:15:56,653 [INFO]     已写入 1792/18317
2026-07-16 18:16:06,612 [INFO]     已写入 1920/18317
2026-07-16 18:16:16,617 [INFO]     已写入 2048/18317
2026-07-16 18:16:26,300 [INFO]     已写入 2176/18317
2026-07-16 18:16:35,853 [INFO]     已写入 2304/18317
2026-07-16 18:16:45,619 [INFO]     已写入 2432/18317
2026-07-16 18:16:55,423 [INFO]     已写入 2560/18317
2026-07-16 18:17:05,385 [INFO]     已写入 2688/18317
2026-07-16 18:17:15,346 [INFO]     已写入 2816/18317
2026-07-16 18:17:25,554 [INFO]     已写入 2944/18317
2026-07-16 18:17:35,571 [INFO]     已写入 3072/18317
2026-07-16 18:17:45,650 [INFO]     已写入 3200/18317
2026-07-16 18:17:55,543 [INFO]     已写入 3328/18317
2026-07-16 18:18:05,342 [INFO]     已写入 3456/18317
2026-07-16 18:18:15,846 [INFO]     已写入 3584/18317
2026-07-16 18:18:26,126 [INFO]     已写入 3712/18317
2026-07-16 18:18:36,418 [INFO]     已写入 3840/18317
2026-07-16 18:18:46,521 [INFO]     已写入 3968/18317
2026-07-16 18:18:57,291 [INFO]     已写入 4096/18317
2026-07-16 18:19:07,753 [INFO]     已写入 4224/18317
2026-07-16 18:19:18,444 [INFO]     已写入 4352/18317
2026-07-16 18:19:28,739 [INFO]     已写入 4480/18317
2026-07-16 18:19:39,129 [INFO]     已写入 4608/18317
2026-07-16 18:19:50,143 [INFO]     已写入 4736/18317
2026-07-16 18:20:01,225 [INFO]     已写入 4864/18317
2026-07-16 18:20:11,350 [INFO]     已写入 4992/18317
2026-07-16 18:20:21,253 [INFO]     已写入 5120/18317
2026-07-16 18:20:30,974 [INFO]     已写入 5248/18317
2026-07-16 18:20:40,765 [INFO]     已写入 5376/18317
2026-07-16 18:20:50,637 [INFO]     已写入 5504/18317
2026-07-16 18:21:00,513 [INFO]     已写入 5632/18317
2026-07-16 18:21:10,447 [INFO]     已写入 5760/18317
2026-07-16 18:21:20,481 [INFO]     已写入 5888/18317
2026-07-16 18:21:30,473 [INFO]     已写入 6016/18317
2026-07-16 18:21:40,511 [INFO]     已写入 6144/18317
2026-07-16 18:21:50,599 [INFO]     已写入 6272/18317
2026-07-16 18:22:00,387 [INFO]     已写入 6400/18317
2026-07-16 18:22:10,338 [INFO]     已写入 6528/18317
2026-07-16 18:22:20,475 [INFO]     已写入 6656/18317
2026-07-16 18:22:30,498 [INFO]     已写入 6784/18317
2026-07-16 18:22:40,522 [INFO]     已写入 6912/18317
2026-07-16 18:22:50,736 [INFO]     已写入 7040/18317
2026-07-16 18:23:00,886 [INFO]     已写入 7168/18317
2026-07-16 18:23:10,716 [INFO]     已写入 7296/18317
2026-07-16 18:23:20,370 [INFO]     已写入 7424/18317
2026-07-16 18:23:30,076 [INFO]     已写入 7552/18317
2026-07-16 18:23:39,930 [INFO]     已写入 7680/18317
2026-07-16 18:23:49,700 [INFO]     已写入 7808/18317
2026-07-16 18:23:59,534 [INFO]     已写入 7936/18317
2026-07-16 18:24:09,327 [INFO]     已写入 8064/18317
2026-07-16 18:24:19,226 [INFO]     已写入 8192/18317
2026-07-16 18:24:28,905 [INFO]     已写入 8320/18317
2026-07-16 18:24:38,715 [INFO]     已写入 8448/18317
2026-07-16 18:24:48,401 [INFO]     已写入 8576/18317
2026-07-16 18:24:58,160 [INFO]     已写入 8704/18317
2026-07-16 18:25:07,993 [INFO]     已写入 8832/18317
2026-07-16 18:25:17,752 [INFO]     已写入 8960/18317
2026-07-16 18:25:27,726 [INFO]     已写入 9088/18317
2026-07-16 18:25:37,715 [INFO]     已写入 9216/18317
2026-07-16 18:25:47,496 [INFO]     已写入 9344/18317
2026-07-16 18:25:57,171 [INFO]     已写入 9472/18317
2026-07-16 18:26:06,903 [INFO]     已写入 9600/18317
2026-07-16 18:26:16,570 [INFO]     已写入 9728/18317
2026-07-16 18:26:26,291 [INFO]     已写入 9856/18317
2026-07-16 18:26:35,945 [INFO]     已写入 9984/18317
2026-07-16 18:26:45,605 [INFO]     已写入 10112/18317
2026-07-16 18:26:55,392 [INFO]     已写入 10240/18317
2026-07-16 18:27:05,198 [INFO]     已写入 10368/18317
