2026-07-16 19:18:21,409 [INFO] No device provided, using cpu
2026-07-16 19:18:21,980 [INFO] HTTP Request: HEAD https://huggingface.co/shibing624/text2vec-base-chinese/resolve/main/modules.json "HTTP/1.1 307 Temporary Redirect"
2026-07-16 19:18:21,981 [WARNING] Warning: You are sending unauthenticated requests to the HF Hub. Please set a HF_TOKEN to enable higher rate limits and faster downloads.
2026-07-16 19:18:22,138 [INFO] HTTP Request: HEAD https://huggingface.co/api/resolve-cache/models/shibing624/text2vec-base-chinese/183bb99aa7af74355fb58d16edf8c13ae7c5433e/modules.json "HTTP/1.1 200 OK"
2026-07-16 19:18:22,367 [INFO] HTTP Request: HEAD https://huggingface.co/shibing624/text2vec-base-chinese/resolve/main/config_sentence_transformers.json "HTTP/1.1 404 Not Found"
2026-07-16 19:18:22,368 [INFO] Loading SentenceTransformer model from shibing624/text2vec-base-chinese.
2026-07-16 19:18:22,595 [INFO] HTTP Request: HEAD https://huggingface.co/shibing624/text2vec-base-chinese/resolve/main/config_sentence_transformers.json "HTTP/1.1 404 Not Found"
2026-07-16 19:18:22,822 [INFO] HTTP Request: HEAD https://huggingface.co/shibing624/text2vec-base-chinese/resolve/main/README.md "HTTP/1.1 307 Temporary Redirect"
2026-07-16 19:18:22,979 [INFO] HTTP Request: HEAD https://huggingface.co/api/resolve-cache/models/shibing624/text2vec-base-chinese/183bb99aa7af74355fb58d16edf8c13ae7c5433e/README.md "HTTP/1.1 200 OK"
2026-07-16 19:18:23,204 [INFO] HTTP Request: HEAD https://huggingface.co/shibing624/text2vec-base-chinese/resolve/main/modules.json "HTTP/1.1 307 Temporary Redirect"
2026-07-16 19:18:23,362 [INFO] HTTP Request: HEAD https://huggingface.co/api/resolve-cache/models/shibing624/text2vec-base-chinese/183bb99aa7af74355fb58d16edf8c13ae7c5433e/modules.json "HTTP/1.1 200 OK"
2026-07-16 19:18:23,690 [INFO] HTTP Request: HEAD https://huggingface.co/shibing624/text2vec-base-chinese/resolve/main/sentence_bert_config.json "HTTP/1.1 307 Temporary Redirect"
2026-07-16 19:18:23,850 [INFO] HTTP Request: HEAD https://huggingface.co/api/resolve-cache/models/shibing624/text2vec-base-chinese/183bb99aa7af74355fb58d16edf8c13ae7c5433e/sentence_bert_config.json "HTTP/1.1 200 OK"
2026-07-16 19:18:24,084 [INFO] HTTP Request: HEAD https://huggingface.co/shibing624/text2vec-base-chinese/resolve/main/adapter_config.json "HTTP/1.1 404 Not Found"
2026-07-16 19:18:24,316 [INFO] HTTP Request: HEAD https://huggingface.co/shibing624/text2vec-base-chinese/resolve/main/config.json "HTTP/1.1 307 Temporary Redirect"
2026-07-16 19:18:24,475 [INFO] HTTP Request: HEAD https://huggingface.co/api/resolve-cache/models/shibing624/text2vec-base-chinese/183bb99aa7af74355fb58d16edf8c13ae7c5433e/config.json "HTTP/1.1 200 OK"
2026-07-16 19:18:24,861 [INFO] HTTP Request: HEAD https://huggingface.co/shibing624/text2vec-base-chinese/resolve/main/processor_config.json "HTTP/1.1 404 Not Found"
2026-07-16 19:18:25,086 [INFO] HTTP Request: HEAD https://huggingface.co/shibing624/text2vec-base-chinese/resolve/main/preprocessor_config.json "HTTP/1.1 404 Not Found"
2026-07-16 19:18:25,315 [INFO] HTTP Request: HEAD https://huggingface.co/shibing624/text2vec-base-chinese/resolve/main/video_preprocessor_config.json "HTTP/1.1 404 Not Found"
2026-07-16 19:18:25,548 [INFO] HTTP Request: HEAD https://huggingface.co/shibing624/text2vec-base-chinese/resolve/main/preprocessor_config.json "HTTP/1.1 404 Not Found"
2026-07-16 19:18:25,818 [INFO] HTTP Request: HEAD https://huggingface.co/shibing624/text2vec-base-chinese/resolve/main/tokenizer_config.json "HTTP/1.1 307 Temporary Redirect"
2026-07-16 19:18:25,977 [INFO] HTTP Request: HEAD https://huggingface.co/api/resolve-cache/models/shibing624/text2vec-base-chinese/183bb99aa7af74355fb58d16edf8c13ae7c5433e/tokenizer_config.json "HTTP/1.1 200 OK"
2026-07-16 19:18:26,202 [INFO] HTTP Request: HEAD https://huggingface.co/shibing624/text2vec-base-chinese/resolve/main/config.json "HTTP/1.1 307 Temporary Redirect"
2026-07-16 19:18:26,360 [INFO] HTTP Request: HEAD https://huggingface.co/api/resolve-cache/models/shibing624/text2vec-base-chinese/183bb99aa7af74355fb58d16edf8c13ae7c5433e/config.json "HTTP/1.1 200 OK"
2026-07-16 19:18:26,590 [INFO] HTTP Request: HEAD https://huggingface.co/shibing624/text2vec-base-chinese/resolve/main/config.json "HTTP/1.1 307 Temporary Redirect"
2026-07-16 19:18:26,748 [INFO] HTTP Request: HEAD https://huggingface.co/api/resolve-cache/models/shibing624/text2vec-base-chinese/183bb99aa7af74355fb58d16edf8c13ae7c5433e/config.json "HTTP/1.1 200 OK"
2026-07-16 19:18:26,987 [INFO] HTTP Request: HEAD https://huggingface.co/shibing624/text2vec-base-chinese/resolve/main/tokenizer_config.json "HTTP/1.1 307 Temporary Redirect"
2026-07-16 19:18:27,145 [INFO] HTTP Request: HEAD https://huggingface.co/api/resolve-cache/models/shibing624/text2vec-base-chinese/183bb99aa7af74355fb58d16edf8c13ae7c5433e/tokenizer_config.json "HTTP/1.1 200 OK"
2026-07-16 19:18:27,381 [INFO] HTTP Request: GET https://huggingface.co/api/models/shibing624/text2vec-base-chinese/tree/main/additional_chat_templates?recursive=false&expand=false "HTTP/1.1 404 Not Found"
2026-07-16 19:18:27,618 [INFO] HTTP Request: GET https://huggingface.co/api/models/shibing624/text2vec-base-chinese/tree/main?recursive=true&expand=false "HTTP/1.1 200 OK"
2026-07-16 19:18:27,856 [INFO] HTTP Request: HEAD https://huggingface.co/shibing624/text2vec-base-chinese/resolve/main/1_Pooling/config.json "HTTP/1.1 307 Temporary Redirect"
2026-07-16 19:18:28,014 [INFO] HTTP Request: HEAD https://huggingface.co/api/resolve-cache/models/shibing624/text2vec-base-chinese/183bb99aa7af74355fb58d16edf8c13ae7c5433e/1_Pooling%2Fconfig.json "HTTP/1.1 200 OK"
2026-07-16 19:18:28,254 [INFO] HTTP Request: GET https://huggingface.co/api/models/shibing624/text2vec-base-chinese "HTTP/1.1 200 OK"
2026-07-16 19:18:28,401 [DEBUG] Building prefix dict from the default dictionary ...
2026-07-16 19:18:28,401 [DEBUG] Loading model from cache C:\Users\user\AppData\Local\Temp\jieba.cache
2026-07-16 19:18:29,001 [DEBUG] Loading model cost 0.600 seconds.
2026-07-16 19:18:29,001 [DEBUG] Prefix dict has been built successfully.
2026-07-16 19:18:29,001 [INFO] 搜索: '如何创建数据集' 关键词: ['数据集']
2026-07-16 19:18:30,163 [INFO] 搜索: '如何创建自助数据集' 关键词: ['自助数据集']
2026-07-16 19:18:30,839 [INFO] 搜索: 'Excel数据导入' 关键词: ['Excel', '数据', '导入']
2026-07-16 19:18:32,119 [INFO] 搜索: '如何计算环比' 关键词: ['环比']
2026-07-16 19:18:32,802 [INFO] 搜索: '如何计算同比' 关键词: ['同比']
2026-07-16 19:18:33,462 [INFO] 搜索: '如何计算占比' 关键词: ['占比']
2026-07-16 19:18:34,155 [INFO] 搜索: '如何计算累计值' 关键词: ['累计']
2026-07-16 19:18:34,828 [INFO] 搜索: '如何创建仪表板' 关键词: ['仪表板']
2026-07-16 19:18:35,571 [INFO] 搜索: '如何添加图表' 关键词: ['添加', '图表']
2026-07-16 19:18:36,445 [INFO] 搜索: '如何设置过滤条件' 关键词: ['过滤', '条件']
2026-07-16 19:18:37,217 [INFO] 搜索: '如何配置用户权限' 关键词: ['用户', '权限']
2026-07-16 19:18:38,096 [INFO] 搜索: '如何设置数据权限' 关键词: ['数据权限']
2026-07-16 19:18:38,766 [INFO] 搜索: '数据预警' 关键词: ['数据预警']
2026-07-16 19:18:39,417 [INFO] 搜索: '如何设置数据预警' 关键词: ['数据预警']
2026-07-16 19:18:40,075 [INFO] 搜索: 'DEF函数用法' 关键词: ['DEF', '函数', '用法']
2026-07-16 19:18:40,781 [INFO] 搜索: 'SUM_AG函数' 关键词: ['SUM_AG', '函数']
2026-07-16 19:18:41,492 [INFO] 搜索: '如何计算同比环比' 关键词: ['同比', '环比']
2026-07-16 19:18:42,187 [INFO] 搜索: 'FineBI安装' 关键词: ['FineBI', '安装']
2026-07-16 19:18:43,010 [INFO] 搜索: '如何连接数据库' 关键词: ['连接', '数据库']
2026-07-16 19:18:43,839 [INFO] 搜索: '如何创建KPI指标卡' 关键词: ['KPI', '指标']
2026-07-16 19:18:44,553 [INFO] 搜索: '格式刷怎么用' 关键词: ['格式']
2026-07-16 19:18:45,222 [INFO] 搜索: '如何制作地图' 关键词: ['制作', '地图']
