2026-07-16 19:27:01,259 [INFO] No device provided, using cpu
2026-07-16 19:27:01,996 [INFO] HTTP Request: HEAD https://huggingface.co/shibing624/text2vec-base-chinese/resolve/main/modules.json "HTTP/1.1 307 Temporary Redirect"
2026-07-16 19:27:02,155 [INFO] HTTP Request: HEAD https://huggingface.co/api/resolve-cache/models/shibing624/text2vec-base-chinese/183bb99aa7af74355fb58d16edf8c13ae7c5433e/modules.json "HTTP/1.1 200 OK"
2026-07-16 19:27:02,391 [INFO] HTTP Request: HEAD https://huggingface.co/shibing624/text2vec-base-chinese/resolve/main/config_sentence_transformers.json "HTTP/1.1 404 Not Found"
2026-07-16 19:27:02,391 [WARNING] Warning: You are sending unauthenticated requests to the HF Hub. Please set a HF_TOKEN to enable higher rate limits and faster downloads.
2026-07-16 19:27:02,392 [INFO] Loading SentenceTransformer model from shibing624/text2vec-base-chinese.
2026-07-16 19:27:02,619 [INFO] HTTP Request: HEAD https://huggingface.co/shibing624/text2vec-base-chinese/resolve/main/config_sentence_transformers.json "HTTP/1.1 404 Not Found"
2026-07-16 19:27:02,851 [INFO] HTTP Request: HEAD https://huggingface.co/shibing624/text2vec-base-chinese/resolve/main/README.md "HTTP/1.1 307 Temporary Redirect"
2026-07-16 19:27:03,009 [INFO] HTTP Request: HEAD https://huggingface.co/api/resolve-cache/models/shibing624/text2vec-base-chinese/183bb99aa7af74355fb58d16edf8c13ae7c5433e/README.md "HTTP/1.1 200 OK"
2026-07-16 19:27:03,246 [INFO] HTTP Request: HEAD https://huggingface.co/shibing624/text2vec-base-chinese/resolve/main/modules.json "HTTP/1.1 307 Temporary Redirect"
2026-07-16 19:27:03,403 [INFO] HTTP Request: HEAD https://huggingface.co/api/resolve-cache/models/shibing624/text2vec-base-chinese/183bb99aa7af74355fb58d16edf8c13ae7c5433e/modules.json "HTTP/1.1 200 OK"
2026-07-16 19:27:03,634 [INFO] HTTP Request: HEAD https://huggingface.co/shibing624/text2vec-base-chinese/resolve/main/sentence_bert_config.json "HTTP/1.1 307 Temporary Redirect"
2026-07-16 19:27:03,793 [INFO] HTTP Request: HEAD https://huggingface.co/api/resolve-cache/models/shibing624/text2vec-base-chinese/183bb99aa7af74355fb58d16edf8c13ae7c5433e/sentence_bert_config.json "HTTP/1.1 200 OK"
2026-07-16 19:27:04,078 [INFO] HTTP Request: HEAD https://huggingface.co/shibing624/text2vec-base-chinese/resolve/main/adapter_config.json "HTTP/1.1 404 Not Found"
2026-07-16 19:27:04,309 [INFO] HTTP Request: HEAD https://huggingface.co/shibing624/text2vec-base-chinese/resolve/main/config.json "HTTP/1.1 307 Temporary Redirect"
2026-07-16 19:27:04,467 [INFO] HTTP Request: HEAD https://huggingface.co/api/resolve-cache/models/shibing624/text2vec-base-chinese/183bb99aa7af74355fb58d16edf8c13ae7c5433e/config.json "HTTP/1.1 200 OK"
2026-07-16 19:27:04,850 [INFO] HTTP Request: HEAD https://huggingface.co/shibing624/text2vec-base-chinese/resolve/main/processor_config.json "HTTP/1.1 404 Not Found"
2026-07-16 19:27:05,080 [INFO] HTTP Request: HEAD https://huggingface.co/shibing624/text2vec-base-chinese/resolve/main/preprocessor_config.json "HTTP/1.1 404 Not Found"
2026-07-16 19:27:05,316 [INFO] HTTP Request: HEAD https://huggingface.co/shibing624/text2vec-base-chinese/resolve/main/video_preprocessor_config.json "HTTP/1.1 404 Not Found"
2026-07-16 19:27:05,548 [INFO] HTTP Request: HEAD https://huggingface.co/shibing624/text2vec-base-chinese/resolve/main/preprocessor_config.json "HTTP/1.1 404 Not Found"
2026-07-16 19:27:05,773 [INFO] HTTP Request: HEAD https://huggingface.co/shibing624/text2vec-base-chinese/resolve/main/tokenizer_config.json "HTTP/1.1 307 Temporary Redirect"
2026-07-16 19:27:05,934 [INFO] HTTP Request: HEAD https://huggingface.co/api/resolve-cache/models/shibing624/text2vec-base-chinese/183bb99aa7af74355fb58d16edf8c13ae7c5433e/tokenizer_config.json "HTTP/1.1 200 OK"
2026-07-16 19:27:06,165 [INFO] HTTP Request: HEAD https://huggingface.co/shibing624/text2vec-base-chinese/resolve/main/config.json "HTTP/1.1 307 Temporary Redirect"
2026-07-16 19:27:06,322 [INFO] HTTP Request: HEAD https://huggingface.co/api/resolve-cache/models/shibing624/text2vec-base-chinese/183bb99aa7af74355fb58d16edf8c13ae7c5433e/config.json "HTTP/1.1 200 OK"
2026-07-16 19:27:06,550 [INFO] HTTP Request: HEAD https://huggingface.co/shibing624/text2vec-base-chinese/resolve/main/config.json "HTTP/1.1 307 Temporary Redirect"
2026-07-16 19:27:06,710 [INFO] HTTP Request: HEAD https://huggingface.co/api/resolve-cache/models/shibing624/text2vec-base-chinese/183bb99aa7af74355fb58d16edf8c13ae7c5433e/config.json "HTTP/1.1 200 OK"
2026-07-16 19:27:06,939 [INFO] HTTP Request: HEAD https://huggingface.co/shibing624/text2vec-base-chinese/resolve/main/tokenizer_config.json "HTTP/1.1 307 Temporary Redirect"
2026-07-16 19:27:07,098 [INFO] HTTP Request: HEAD https://huggingface.co/api/resolve-cache/models/shibing624/text2vec-base-chinese/183bb99aa7af74355fb58d16edf8c13ae7c5433e/tokenizer_config.json "HTTP/1.1 200 OK"
2026-07-16 19:27:07,336 [INFO] HTTP Request: GET https://huggingface.co/api/models/shibing624/text2vec-base-chinese/tree/main/additional_chat_templates?recursive=false&expand=false "HTTP/1.1 404 Not Found"
2026-07-16 19:27:07,570 [INFO] HTTP Request: GET https://huggingface.co/api/models/shibing624/text2vec-base-chinese/tree/main?recursive=true&expand=false "HTTP/1.1 200 OK"
2026-07-16 19:27:07,814 [INFO] HTTP Request: HEAD https://huggingface.co/shibing624/text2vec-base-chinese/resolve/main/1_Pooling/config.json "HTTP/1.1 307 Temporary Redirect"
2026-07-16 19:27:07,973 [INFO] HTTP Request: HEAD https://huggingface.co/api/resolve-cache/models/shibing624/text2vec-base-chinese/183bb99aa7af74355fb58d16edf8c13ae7c5433e/1_Pooling%2Fconfig.json "HTTP/1.1 200 OK"
2026-07-16 19:27:08,208 [INFO] HTTP Request: GET https://huggingface.co/api/models/shibing624/text2vec-base-chinese "HTTP/1.1 200 OK"
2026-07-16 19:27:08,343 [DEBUG] Building prefix dict from the default dictionary ...
2026-07-16 19:27:08,343 [DEBUG] Loading model from cache C:\Users\user\AppData\Local\Temp\jieba.cache
2026-07-16 19:27:08,952 [DEBUG] Loading model cost 0.609 seconds.
2026-07-16 19:27:08,952 [DEBUG] Prefix dict has been built successfully.
2026-07-16 19:27:08,953 [INFO] 搜索: '如何创建仪表板' 关键词: ['仪表板']
2026-07-16 19:27:10,145 [INFO] 搜索: '如何添加图表' 关键词: ['添加', '图表']
2026-07-16 19:27:10,945 [INFO] 搜索: '格式刷怎么用' 关键词: ['格式']
2026-07-16 19:27:11,627 [INFO] 搜索: 'DEF函数用法' 关键词: ['DEF', '函数', '用法']
2026-07-16 19:27:12,358 [INFO] 搜索: 'SUM_AG函数' 关键词: ['SUM_AG', '函数']
2026-07-16 19:27:13,058 [INFO] 搜索: '如何创建KPI指标卡' 关键词: ['KPI', '指标']
2026-07-16 19:27:13,816 [INFO] 搜索: '如何制作地图' 关键词: ['制作', '地图']
2026-07-16 19:27:14,514 [INFO] 搜索: 'Excel数据导入' 关键词: ['Excel', '数据', '导入']
2026-07-16 19:27:15,742 [INFO] 搜索: '如何连接数据库' 关键词: ['连接', '数据库']
2026-07-16 19:27:16,582 [INFO] 搜索: '如何创建数据集' 关键词: ['数据集']
2026-07-16 19:27:17,285 [INFO] 搜索: '如何创建自助数据集' 关键词: ['自助数据集']
2026-07-16 19:27:17,965 [INFO] 搜索: '如何配置用户权限' 关键词: ['用户', '权限']
2026-07-16 19:27:18,830 [INFO] 搜索: '如何设置数据权限' 关键词: ['数据权限']
2026-07-16 19:27:19,489 [INFO] 搜索: '如何计算环比' 关键词: ['环比']
2026-07-16 19:27:20,163 [INFO] 搜索: '如何计算同比' 关键词: ['同比']
2026-07-16 19:27:20,823 [INFO] 搜索: '如何计算占比' 关键词: ['占比']
2026-07-16 19:27:21,514 [INFO] 搜索: '如何计算累计值' 关键词: ['累计']
2026-07-16 19:27:22,161 [INFO] 搜索: '如何计算同比环比' 关键词: ['同比', '环比']
2026-07-16 19:27:22,836 [INFO] 搜索: '如何设置过滤条件' 关键词: ['过滤', '条件']
2026-07-16 19:27:23,605 [INFO] 搜索: 'FineBI安装' 关键词: ['FineBI', '安装']
2026-07-16 19:27:24,431 [INFO] 搜索: '数据预警' 关键词: ['数据预警']
2026-07-16 19:27:25,090 [INFO] 搜索: '如何设置数据预警' 关键词: ['数据预警']
