2026-07-16 18:55:53,280 [INFO] No device provided, using cpu
2026-07-16 18:55:54,072 [INFO] HTTP Request: HEAD https://huggingface.co/shibing624/text2vec-base-chinese/resolve/main/modules.json "HTTP/1.1 307 Temporary Redirect"
2026-07-16 18:55:54,073 [WARNING] Warning: You are sending unauthenticated requests to the HF Hub. Please set a HF_TOKEN to enable higher rate limits and faster downloads.
2026-07-16 18:55:54,230 [INFO] HTTP Request: HEAD https://huggingface.co/api/resolve-cache/models/shibing624/text2vec-base-chinese/183bb99aa7af74355fb58d16edf8c13ae7c5433e/modules.json "HTTP/1.1 200 OK"
2026-07-16 18:55:54,533 [INFO] HTTP Request: HEAD https://huggingface.co/shibing624/text2vec-base-chinese/resolve/main/config_sentence_transformers.json "HTTP/1.1 404 Not Found"
2026-07-16 18:55:54,534 [INFO] Loading SentenceTransformer model from shibing624/text2vec-base-chinese.
2026-07-16 18:55:54,766 [INFO] HTTP Request: HEAD https://huggingface.co/shibing624/text2vec-base-chinese/resolve/main/config_sentence_transformers.json "HTTP/1.1 404 Not Found"
2026-07-16 18:55:55,027 [INFO] HTTP Request: HEAD https://huggingface.co/shibing624/text2vec-base-chinese/resolve/main/README.md "HTTP/1.1 307 Temporary Redirect"
2026-07-16 18:55:55,187 [INFO] HTTP Request: HEAD https://huggingface.co/api/resolve-cache/models/shibing624/text2vec-base-chinese/183bb99aa7af74355fb58d16edf8c13ae7c5433e/README.md "HTTP/1.1 200 OK"
2026-07-16 18:55:55,420 [INFO] HTTP Request: HEAD https://huggingface.co/shibing624/text2vec-base-chinese/resolve/main/modules.json "HTTP/1.1 307 Temporary Redirect"
2026-07-16 18:55:55,580 [INFO] HTTP Request: HEAD https://huggingface.co/api/resolve-cache/models/shibing624/text2vec-base-chinese/183bb99aa7af74355fb58d16edf8c13ae7c5433e/modules.json "HTTP/1.1 200 OK"
2026-07-16 18:55:55,823 [INFO] HTTP Request: HEAD https://huggingface.co/shibing624/text2vec-base-chinese/resolve/main/sentence_bert_config.json "HTTP/1.1 307 Temporary Redirect"
2026-07-16 18:55:55,982 [INFO] HTTP Request: HEAD https://huggingface.co/api/resolve-cache/models/shibing624/text2vec-base-chinese/183bb99aa7af74355fb58d16edf8c13ae7c5433e/sentence_bert_config.json "HTTP/1.1 200 OK"
2026-07-16 18:55:56,214 [INFO] HTTP Request: HEAD https://huggingface.co/shibing624/text2vec-base-chinese/resolve/main/adapter_config.json "HTTP/1.1 404 Not Found"
2026-07-16 18:55:56,451 [INFO] HTTP Request: HEAD https://huggingface.co/shibing624/text2vec-base-chinese/resolve/main/config.json "HTTP/1.1 307 Temporary Redirect"
2026-07-16 18:55:56,610 [INFO] HTTP Request: HEAD https://huggingface.co/api/resolve-cache/models/shibing624/text2vec-base-chinese/183bb99aa7af74355fb58d16edf8c13ae7c5433e/config.json "HTTP/1.1 200 OK"
2026-07-16 18:55:57,127 [INFO] HTTP Request: HEAD https://huggingface.co/shibing624/text2vec-base-chinese/resolve/main/processor_config.json "HTTP/1.1 404 Not Found"
2026-07-16 18:55:57,357 [INFO] HTTP Request: HEAD https://huggingface.co/shibing624/text2vec-base-chinese/resolve/main/preprocessor_config.json "HTTP/1.1 404 Not Found"
2026-07-16 18:55:57,588 [INFO] HTTP Request: HEAD https://huggingface.co/shibing624/text2vec-base-chinese/resolve/main/video_preprocessor_config.json "HTTP/1.1 404 Not Found"
2026-07-16 18:55:57,819 [INFO] HTTP Request: HEAD https://huggingface.co/shibing624/text2vec-base-chinese/resolve/main/preprocessor_config.json "HTTP/1.1 404 Not Found"
2026-07-16 18:55:58,046 [INFO] HTTP Request: HEAD https://huggingface.co/shibing624/text2vec-base-chinese/resolve/main/tokenizer_config.json "HTTP/1.1 307 Temporary Redirect"
2026-07-16 18:55:58,205 [INFO] HTTP Request: HEAD https://huggingface.co/api/resolve-cache/models/shibing624/text2vec-base-chinese/183bb99aa7af74355fb58d16edf8c13ae7c5433e/tokenizer_config.json "HTTP/1.1 200 OK"
2026-07-16 18:55:58,441 [INFO] HTTP Request: HEAD https://huggingface.co/shibing624/text2vec-base-chinese/resolve/main/config.json "HTTP/1.1 307 Temporary Redirect"
2026-07-16 18:55:58,599 [INFO] HTTP Request: HEAD https://huggingface.co/api/resolve-cache/models/shibing624/text2vec-base-chinese/183bb99aa7af74355fb58d16edf8c13ae7c5433e/config.json "HTTP/1.1 200 OK"
2026-07-16 18:55:58,834 [INFO] HTTP Request: HEAD https://huggingface.co/shibing624/text2vec-base-chinese/resolve/main/config.json "HTTP/1.1 307 Temporary Redirect"
2026-07-16 18:55:58,997 [INFO] HTTP Request: HEAD https://huggingface.co/api/resolve-cache/models/shibing624/text2vec-base-chinese/183bb99aa7af74355fb58d16edf8c13ae7c5433e/config.json "HTTP/1.1 200 OK"
2026-07-16 18:55:59,240 [INFO] HTTP Request: HEAD https://huggingface.co/shibing624/text2vec-base-chinese/resolve/main/tokenizer_config.json "HTTP/1.1 307 Temporary Redirect"
2026-07-16 18:55:59,400 [INFO] HTTP Request: HEAD https://huggingface.co/api/resolve-cache/models/shibing624/text2vec-base-chinese/183bb99aa7af74355fb58d16edf8c13ae7c5433e/tokenizer_config.json "HTTP/1.1 200 OK"
2026-07-16 18:55:59,691 [INFO] HTTP Request: GET https://huggingface.co/api/models/shibing624/text2vec-base-chinese/tree/main/additional_chat_templates?recursive=false&expand=false "HTTP/1.1 404 Not Found"
2026-07-16 18:55:59,937 [INFO] HTTP Request: GET https://huggingface.co/api/models/shibing624/text2vec-base-chinese/tree/main?recursive=true&expand=false "HTTP/1.1 200 OK"
2026-07-16 18:56:00,176 [INFO] HTTP Request: HEAD https://huggingface.co/shibing624/text2vec-base-chinese/resolve/main/1_Pooling/config.json "HTTP/1.1 307 Temporary Redirect"
2026-07-16 18:56:00,334 [INFO] HTTP Request: HEAD https://huggingface.co/api/resolve-cache/models/shibing624/text2vec-base-chinese/183bb99aa7af74355fb58d16edf8c13ae7c5433e/1_Pooling%2Fconfig.json "HTTP/1.1 200 OK"
2026-07-16 18:56:00,567 [INFO] HTTP Request: GET https://huggingface.co/api/models/shibing624/text2vec-base-chinese "HTTP/1.1 200 OK"
2026-07-16 18:56:00,775 [DEBUG] Building prefix dict from the default dictionary ...
2026-07-16 18:56:00,775 [DEBUG] Loading model from cache C:\Users\user\AppData\Local\Temp\jieba.cache
2026-07-16 18:56:01,814 [DEBUG] Loading model cost 1.039 seconds.
2026-07-16 18:56:01,815 [DEBUG] Prefix dict has been built successfully.
2026-07-16 18:56:01,816 [INFO] 搜索: '添加Excel数据' 关键词: ['添加', 'Excel', '数据']
2026-07-16 18:56:02,661 [INFO] 搜索: 'Excel数据集' 关键词: ['Excel', '数据集']
