2026-07-16 19:11:17,915 [INFO] No device provided, using cpu
2026-07-16 19:11:18,655 [INFO] HTTP Request: HEAD https://huggingface.co/shibing624/text2vec-base-chinese/resolve/main/modules.json "HTTP/1.1 307 Temporary Redirect"
2026-07-16 19:11:18,656 [WARNING] Warning: You are sending unauthenticated requests to the HF Hub. Please set a HF_TOKEN to enable higher rate limits and faster downloads.
2026-07-16 19:11:18,813 [INFO] HTTP Request: HEAD https://huggingface.co/api/resolve-cache/models/shibing624/text2vec-base-chinese/183bb99aa7af74355fb58d16edf8c13ae7c5433e/modules.json "HTTP/1.1 200 OK"
2026-07-16 19:11:19,039 [INFO] HTTP Request: HEAD https://huggingface.co/shibing624/text2vec-base-chinese/resolve/main/config_sentence_transformers.json "HTTP/1.1 404 Not Found"
2026-07-16 19:11:19,041 [INFO] Loading SentenceTransformer model from shibing624/text2vec-base-chinese.
2026-07-16 19:11:19,267 [INFO] HTTP Request: HEAD https://huggingface.co/shibing624/text2vec-base-chinese/resolve/main/config_sentence_transformers.json "HTTP/1.1 404 Not Found"
2026-07-16 19:11:19,496 [INFO] HTTP Request: HEAD https://huggingface.co/shibing624/text2vec-base-chinese/resolve/main/README.md "HTTP/1.1 307 Temporary Redirect"
2026-07-16 19:11:19,653 [INFO] HTTP Request: HEAD https://huggingface.co/api/resolve-cache/models/shibing624/text2vec-base-chinese/183bb99aa7af74355fb58d16edf8c13ae7c5433e/README.md "HTTP/1.1 200 OK"
2026-07-16 19:11:19,880 [INFO] HTTP Request: HEAD https://huggingface.co/shibing624/text2vec-base-chinese/resolve/main/modules.json "HTTP/1.1 307 Temporary Redirect"
2026-07-16 19:11:20,037 [INFO] HTTP Request: HEAD https://huggingface.co/api/resolve-cache/models/shibing624/text2vec-base-chinese/183bb99aa7af74355fb58d16edf8c13ae7c5433e/modules.json "HTTP/1.1 200 OK"
2026-07-16 19:11:20,266 [INFO] HTTP Request: HEAD https://huggingface.co/shibing624/text2vec-base-chinese/resolve/main/sentence_bert_config.json "HTTP/1.1 307 Temporary Redirect"
2026-07-16 19:11:20,423 [INFO] HTTP Request: HEAD https://huggingface.co/api/resolve-cache/models/shibing624/text2vec-base-chinese/183bb99aa7af74355fb58d16edf8c13ae7c5433e/sentence_bert_config.json "HTTP/1.1 200 OK"
2026-07-16 19:11:20,651 [INFO] HTTP Request: HEAD https://huggingface.co/shibing624/text2vec-base-chinese/resolve/main/adapter_config.json "HTTP/1.1 404 Not Found"
2026-07-16 19:11:20,880 [INFO] HTTP Request: HEAD https://huggingface.co/shibing624/text2vec-base-chinese/resolve/main/config.json "HTTP/1.1 307 Temporary Redirect"
2026-07-16 19:11:21,038 [INFO] HTTP Request: HEAD https://huggingface.co/api/resolve-cache/models/shibing624/text2vec-base-chinese/183bb99aa7af74355fb58d16edf8c13ae7c5433e/config.json "HTTP/1.1 200 OK"
2026-07-16 19:11:21,416 [INFO] HTTP Request: HEAD https://huggingface.co/shibing624/text2vec-base-chinese/resolve/main/processor_config.json "HTTP/1.1 404 Not Found"
2026-07-16 19:11:21,642 [INFO] HTTP Request: HEAD https://huggingface.co/shibing624/text2vec-base-chinese/resolve/main/preprocessor_config.json "HTTP/1.1 404 Not Found"
2026-07-16 19:11:21,867 [INFO] HTTP Request: HEAD https://huggingface.co/shibing624/text2vec-base-chinese/resolve/main/video_preprocessor_config.json "HTTP/1.1 404 Not Found"
2026-07-16 19:11:22,091 [INFO] HTTP Request: HEAD https://huggingface.co/shibing624/text2vec-base-chinese/resolve/main/preprocessor_config.json "HTTP/1.1 404 Not Found"
2026-07-16 19:11:22,323 [INFO] HTTP Request: HEAD https://huggingface.co/shibing624/text2vec-base-chinese/resolve/main/tokenizer_config.json "HTTP/1.1 307 Temporary Redirect"
2026-07-16 19:11:22,482 [INFO] HTTP Request: HEAD https://huggingface.co/api/resolve-cache/models/shibing624/text2vec-base-chinese/183bb99aa7af74355fb58d16edf8c13ae7c5433e/tokenizer_config.json "HTTP/1.1 200 OK"
2026-07-16 19:11:22,712 [INFO] HTTP Request: HEAD https://huggingface.co/shibing624/text2vec-base-chinese/resolve/main/config.json "HTTP/1.1 307 Temporary Redirect"
2026-07-16 19:11:22,869 [INFO] HTTP Request: HEAD https://huggingface.co/api/resolve-cache/models/shibing624/text2vec-base-chinese/183bb99aa7af74355fb58d16edf8c13ae7c5433e/config.json "HTTP/1.1 200 OK"
2026-07-16 19:11:23,099 [INFO] HTTP Request: HEAD https://huggingface.co/shibing624/text2vec-base-chinese/resolve/main/config.json "HTTP/1.1 307 Temporary Redirect"
2026-07-16 19:11:23,258 [INFO] HTTP Request: HEAD https://huggingface.co/api/resolve-cache/models/shibing624/text2vec-base-chinese/183bb99aa7af74355fb58d16edf8c13ae7c5433e/config.json "HTTP/1.1 200 OK"
2026-07-16 19:11:23,553 [INFO] HTTP Request: HEAD https://huggingface.co/shibing624/text2vec-base-chinese/resolve/main/tokenizer_config.json "HTTP/1.1 307 Temporary Redirect"
2026-07-16 19:11:23,711 [INFO] HTTP Request: HEAD https://huggingface.co/api/resolve-cache/models/shibing624/text2vec-base-chinese/183bb99aa7af74355fb58d16edf8c13ae7c5433e/tokenizer_config.json "HTTP/1.1 200 OK"
2026-07-16 19:11:23,941 [INFO] HTTP Request: GET https://huggingface.co/api/models/shibing624/text2vec-base-chinese/tree/main/additional_chat_templates?recursive=false&expand=false "HTTP/1.1 404 Not Found"
2026-07-16 19:11:24,175 [INFO] HTTP Request: GET https://huggingface.co/api/models/shibing624/text2vec-base-chinese/tree/main?recursive=true&expand=false "HTTP/1.1 200 OK"
2026-07-16 19:11:24,417 [INFO] HTTP Request: HEAD https://huggingface.co/shibing624/text2vec-base-chinese/resolve/main/1_Pooling/config.json "HTTP/1.1 307 Temporary Redirect"
2026-07-16 19:11:24,576 [INFO] HTTP Request: HEAD https://huggingface.co/api/resolve-cache/models/shibing624/text2vec-base-chinese/183bb99aa7af74355fb58d16edf8c13ae7c5433e/1_Pooling%2Fconfig.json "HTTP/1.1 200 OK"
2026-07-16 19:11:24,809 [INFO] HTTP Request: GET https://huggingface.co/api/models/shibing624/text2vec-base-chinese "HTTP/1.1 200 OK"
2026-07-16 19:11:24,924 [DEBUG] Building prefix dict from the default dictionary ...
2026-07-16 19:11:24,924 [DEBUG] Loading model from cache C:\Users\user\AppData\Local\Temp\jieba.cache
2026-07-16 19:11:25,547 [DEBUG] Loading model cost 0.622 seconds.
2026-07-16 19:11:25,547 [DEBUG] Prefix dict has been built successfully.
2026-07-16 19:11:25,547 [INFO] 搜索: 'SQL 数据集' 关键词: ['SQL', '数据集']
2026-07-16 19:11:26,564 [INFO] 搜索: '自助数据集' 关键词: ['自助数据集']
