2026-07-16 19:00:38,306 [INFO] No device provided, using cpu
2026-07-16 19:00:39,051 [INFO] HTTP Request: HEAD https://huggingface.co/shibing624/text2vec-base-chinese/resolve/main/modules.json "HTTP/1.1 307 Temporary Redirect"
2026-07-16 19:00:39,052 [WARNING] Warning: You are sending unauthenticated requests to the HF Hub. Please set a HF_TOKEN to enable higher rate limits and faster downloads.
2026-07-16 19:00:39,209 [INFO] HTTP Request: HEAD https://huggingface.co/api/resolve-cache/models/shibing624/text2vec-base-chinese/183bb99aa7af74355fb58d16edf8c13ae7c5433e/modules.json "HTTP/1.1 200 OK"
2026-07-16 19:00:39,530 [INFO] HTTP Request: HEAD https://huggingface.co/shibing624/text2vec-base-chinese/resolve/main/config_sentence_transformers.json "HTTP/1.1 404 Not Found"
2026-07-16 19:00:39,532 [INFO] Loading SentenceTransformer model from shibing624/text2vec-base-chinese.
2026-07-16 19:00:39,761 [INFO] HTTP Request: HEAD https://huggingface.co/shibing624/text2vec-base-chinese/resolve/main/config_sentence_transformers.json "HTTP/1.1 404 Not Found"
2026-07-16 19:00:39,996 [INFO] HTTP Request: HEAD https://huggingface.co/shibing624/text2vec-base-chinese/resolve/main/README.md "HTTP/1.1 307 Temporary Redirect"
2026-07-16 19:00:40,153 [INFO] HTTP Request: HEAD https://huggingface.co/api/resolve-cache/models/shibing624/text2vec-base-chinese/183bb99aa7af74355fb58d16edf8c13ae7c5433e/README.md "HTTP/1.1 200 OK"
2026-07-16 19:00:40,382 [INFO] HTTP Request: HEAD https://huggingface.co/shibing624/text2vec-base-chinese/resolve/main/modules.json "HTTP/1.1 307 Temporary Redirect"
2026-07-16 19:00:40,539 [INFO] HTTP Request: HEAD https://huggingface.co/api/resolve-cache/models/shibing624/text2vec-base-chinese/183bb99aa7af74355fb58d16edf8c13ae7c5433e/modules.json "HTTP/1.1 200 OK"
2026-07-16 19:00:40,766 [INFO] HTTP Request: HEAD https://huggingface.co/shibing624/text2vec-base-chinese/resolve/main/sentence_bert_config.json "HTTP/1.1 307 Temporary Redirect"
2026-07-16 19:00:40,924 [INFO] HTTP Request: HEAD https://huggingface.co/api/resolve-cache/models/shibing624/text2vec-base-chinese/183bb99aa7af74355fb58d16edf8c13ae7c5433e/sentence_bert_config.json "HTTP/1.1 200 OK"
2026-07-16 19:00:41,160 [INFO] HTTP Request: HEAD https://huggingface.co/shibing624/text2vec-base-chinese/resolve/main/adapter_config.json "HTTP/1.1 404 Not Found"
2026-07-16 19:00:41,386 [INFO] HTTP Request: HEAD https://huggingface.co/shibing624/text2vec-base-chinese/resolve/main/config.json "HTTP/1.1 307 Temporary Redirect"
2026-07-16 19:00:41,545 [INFO] HTTP Request: HEAD https://huggingface.co/api/resolve-cache/models/shibing624/text2vec-base-chinese/183bb99aa7af74355fb58d16edf8c13ae7c5433e/config.json "HTTP/1.1 200 OK"
2026-07-16 19:00:41,930 [INFO] HTTP Request: HEAD https://huggingface.co/shibing624/text2vec-base-chinese/resolve/main/processor_config.json "HTTP/1.1 404 Not Found"
2026-07-16 19:00:42,158 [INFO] HTTP Request: HEAD https://huggingface.co/shibing624/text2vec-base-chinese/resolve/main/preprocessor_config.json "HTTP/1.1 404 Not Found"
2026-07-16 19:00:42,387 [INFO] HTTP Request: HEAD https://huggingface.co/shibing624/text2vec-base-chinese/resolve/main/video_preprocessor_config.json "HTTP/1.1 404 Not Found"
2026-07-16 19:00:42,616 [INFO] HTTP Request: HEAD https://huggingface.co/shibing624/text2vec-base-chinese/resolve/main/preprocessor_config.json "HTTP/1.1 404 Not Found"
2026-07-16 19:00:42,846 [INFO] HTTP Request: HEAD https://huggingface.co/shibing624/text2vec-base-chinese/resolve/main/tokenizer_config.json "HTTP/1.1 307 Temporary Redirect"
2026-07-16 19:00:43,003 [INFO] HTTP Request: HEAD https://huggingface.co/api/resolve-cache/models/shibing624/text2vec-base-chinese/183bb99aa7af74355fb58d16edf8c13ae7c5433e/tokenizer_config.json "HTTP/1.1 200 OK"
2026-07-16 19:00:43,230 [INFO] HTTP Request: HEAD https://huggingface.co/shibing624/text2vec-base-chinese/resolve/main/config.json "HTTP/1.1 307 Temporary Redirect"
2026-07-16 19:00:43,387 [INFO] HTTP Request: HEAD https://huggingface.co/api/resolve-cache/models/shibing624/text2vec-base-chinese/183bb99aa7af74355fb58d16edf8c13ae7c5433e/config.json "HTTP/1.1 200 OK"
2026-07-16 19:00:43,616 [INFO] HTTP Request: HEAD https://huggingface.co/shibing624/text2vec-base-chinese/resolve/main/config.json "HTTP/1.1 307 Temporary Redirect"
2026-07-16 19:00:43,776 [INFO] HTTP Request: HEAD https://huggingface.co/api/resolve-cache/models/shibing624/text2vec-base-chinese/183bb99aa7af74355fb58d16edf8c13ae7c5433e/config.json "HTTP/1.1 200 OK"
2026-07-16 19:00:44,005 [INFO] HTTP Request: HEAD https://huggingface.co/shibing624/text2vec-base-chinese/resolve/main/tokenizer_config.json "HTTP/1.1 307 Temporary Redirect"
2026-07-16 19:00:44,163 [INFO] HTTP Request: HEAD https://huggingface.co/api/resolve-cache/models/shibing624/text2vec-base-chinese/183bb99aa7af74355fb58d16edf8c13ae7c5433e/tokenizer_config.json "HTTP/1.1 200 OK"
2026-07-16 19:00:44,398 [INFO] HTTP Request: GET https://huggingface.co/api/models/shibing624/text2vec-base-chinese/tree/main/additional_chat_templates?recursive=false&expand=false "HTTP/1.1 404 Not Found"
2026-07-16 19:00:44,633 [INFO] HTTP Request: GET https://huggingface.co/api/models/shibing624/text2vec-base-chinese/tree/main?recursive=true&expand=false "HTTP/1.1 200 OK"
2026-07-16 19:00:44,896 [INFO] HTTP Request: HEAD https://huggingface.co/shibing624/text2vec-base-chinese/resolve/main/1_Pooling/config.json "HTTP/1.1 307 Temporary Redirect"
2026-07-16 19:00:45,053 [INFO] HTTP Request: HEAD https://huggingface.co/api/resolve-cache/models/shibing624/text2vec-base-chinese/183bb99aa7af74355fb58d16edf8c13ae7c5433e/1_Pooling%2Fconfig.json "HTTP/1.1 200 OK"
2026-07-16 19:00:45,291 [INFO] HTTP Request: GET https://huggingface.co/api/models/shibing624/text2vec-base-chinese "HTTP/1.1 200 OK"
2026-07-16 19:00:45,418 [DEBUG] Building prefix dict from the default dictionary ...
2026-07-16 19:00:45,419 [DEBUG] Loading model from cache C:\Users\user\AppData\Local\Temp\jieba.cache
2026-07-16 19:00:46,052 [DEBUG] Loading model cost 0.633 seconds.
2026-07-16 19:00:46,053 [DEBUG] Prefix dict has been built successfully.
2026-07-16 19:00:46,054 [INFO] 搜索: '如何创建仪表板' 关键词: ['仪表板']
2026-07-16 19:00:47,078 [INFO] 搜索: '如何添加图表' 关键词: ['添加', '图表']
2026-07-16 19:00:47,768 [INFO] 搜索: '格式刷怎么用' 关键词: ['格式']
2026-07-16 19:00:48,431 [INFO] 搜索: 'DEF函数用法' 关键词: ['DEF', '函数', '用法']
2026-07-16 19:00:49,460 [INFO] 搜索: 'SUM_AG函数' 关键词: ['SUM_AG', '函数']
2026-07-16 19:00:50,367 [INFO] 搜索: '如何创建KPI指标卡' 关键词: ['KPI', '指标']
2026-07-16 19:00:51,441 [INFO] 搜索: '如何制作地图' 关键词: ['制作', '地图']
2026-07-16 19:00:52,471 [INFO] 搜索: 'Excel数据导入' 关键词: ['Excel', '数据', '导入']
2026-07-16 19:00:54,729 [INFO] 搜索: '如何连接数据库' 关键词: ['连接', '数据库']
2026-07-16 19:00:55,985 [INFO] 搜索: '如何创建数据集' 关键词: ['数据集']
2026-07-16 19:00:56,971 [INFO] 搜索: '如何创建自助数据集' 关键词: ['自助数据集']
2026-07-16 19:00:57,953 [INFO] 搜索: '如何配置用户权限' 关键词: ['用户', '权限']
2026-07-16 19:00:59,075 [INFO] 搜索: '如何设置数据权限' 关键词: ['数据权限']
2026-07-16 19:00:59,942 [INFO] 搜索: '如何计算环比' 关键词: ['环比']
2026-07-16 19:01:00,852 [INFO] 搜索: '如何计算同比' 关键词: ['同比']
2026-07-16 19:01:01,709 [INFO] 搜索: '如何计算占比' 关键词: ['占比']
2026-07-16 19:01:02,522 [INFO] 搜索: '如何计算累计值' 关键词: ['累计']
2026-07-16 19:01:03,328 [INFO] 搜索: '如何计算同比环比' 关键词: ['同比', '环比']
2026-07-16 19:01:04,182 [INFO] 搜索: '如何设置过滤条件' 关键词: ['过滤', '条件']
2026-07-16 19:01:05,097 [INFO] 搜索: 'FineBI安装' 关键词: ['FineBI', '安装']
2026-07-16 19:01:06,062 [INFO] 搜索: '数据预警' 关键词: ['数据预警']
2026-07-16 19:01:06,858 [INFO] 搜索: '如何设置数据预警' 关键词: ['数据预警']
