2026-07-17 09:36:43,197 [INFO] No device provided, using cpu
2026-07-17 09:36:44,184 [INFO] HTTP Request: HEAD https://huggingface.co/shibing624/text2vec-base-chinese/resolve/main/modules.json "HTTP/1.1 307 Temporary Redirect"
2026-07-17 09:36:44,186 [WARNING] Warning: You are sending unauthenticated requests to the HF Hub. Please set a HF_TOKEN to enable higher rate limits and faster downloads.
2026-07-17 09:36:44,344 [INFO] HTTP Request: HEAD https://huggingface.co/api/resolve-cache/models/shibing624/text2vec-base-chinese/183bb99aa7af74355fb58d16edf8c13ae7c5433e/modules.json "HTTP/1.1 200 OK"
2026-07-17 09:36:44,573 [INFO] HTTP Request: HEAD https://huggingface.co/shibing624/text2vec-base-chinese/resolve/main/config_sentence_transformers.json "HTTP/1.1 404 Not Found"
2026-07-17 09:36:44,574 [INFO] Loading SentenceTransformer model from shibing624/text2vec-base-chinese.
2026-07-17 09:36:44,803 [INFO] HTTP Request: HEAD https://huggingface.co/shibing624/text2vec-base-chinese/resolve/main/config_sentence_transformers.json "HTTP/1.1 404 Not Found"
2026-07-17 09:36:45,033 [INFO] HTTP Request: HEAD https://huggingface.co/shibing624/text2vec-base-chinese/resolve/main/README.md "HTTP/1.1 307 Temporary Redirect"
2026-07-17 09:36:45,193 [INFO] HTTP Request: HEAD https://huggingface.co/api/resolve-cache/models/shibing624/text2vec-base-chinese/183bb99aa7af74355fb58d16edf8c13ae7c5433e/README.md "HTTP/1.1 200 OK"
2026-07-17 09:36:45,422 [INFO] HTTP Request: HEAD https://huggingface.co/shibing624/text2vec-base-chinese/resolve/main/modules.json "HTTP/1.1 307 Temporary Redirect"
2026-07-17 09:36:45,583 [INFO] HTTP Request: HEAD https://huggingface.co/api/resolve-cache/models/shibing624/text2vec-base-chinese/183bb99aa7af74355fb58d16edf8c13ae7c5433e/modules.json "HTTP/1.1 200 OK"
2026-07-17 09:36:45,829 [INFO] HTTP Request: HEAD https://huggingface.co/shibing624/text2vec-base-chinese/resolve/main/sentence_bert_config.json "HTTP/1.1 307 Temporary Redirect"
2026-07-17 09:36:45,988 [INFO] HTTP Request: HEAD https://huggingface.co/api/resolve-cache/models/shibing624/text2vec-base-chinese/183bb99aa7af74355fb58d16edf8c13ae7c5433e/sentence_bert_config.json "HTTP/1.1 200 OK"
2026-07-17 09:36:46,629 [INFO] HTTP Request: HEAD https://huggingface.co/shibing624/text2vec-base-chinese/resolve/main/adapter_config.json "HTTP/1.1 404 Not Found"
2026-07-17 09:36:46,861 [INFO] HTTP Request: HEAD https://huggingface.co/shibing624/text2vec-base-chinese/resolve/main/config.json "HTTP/1.1 307 Temporary Redirect"
2026-07-17 09:36:47,018 [INFO] HTTP Request: HEAD https://huggingface.co/api/resolve-cache/models/shibing624/text2vec-base-chinese/183bb99aa7af74355fb58d16edf8c13ae7c5433e/config.json "HTTP/1.1 200 OK"
2026-07-17 09:36:47,385 [INFO] HTTP Request: HEAD https://huggingface.co/shibing624/text2vec-base-chinese/resolve/main/processor_config.json "HTTP/1.1 404 Not Found"
2026-07-17 09:36:47,615 [INFO] HTTP Request: HEAD https://huggingface.co/shibing624/text2vec-base-chinese/resolve/main/preprocessor_config.json "HTTP/1.1 404 Not Found"
2026-07-17 09:36:47,848 [INFO] HTTP Request: HEAD https://huggingface.co/shibing624/text2vec-base-chinese/resolve/main/video_preprocessor_config.json "HTTP/1.1 404 Not Found"
2026-07-17 09:36:48,079 [INFO] HTTP Request: HEAD https://huggingface.co/shibing624/text2vec-base-chinese/resolve/main/preprocessor_config.json "HTTP/1.1 404 Not Found"
2026-07-17 09:36:48,309 [INFO] HTTP Request: HEAD https://huggingface.co/shibing624/text2vec-base-chinese/resolve/main/tokenizer_config.json "HTTP/1.1 307 Temporary Redirect"
2026-07-17 09:36:48,468 [INFO] HTTP Request: HEAD https://huggingface.co/api/resolve-cache/models/shibing624/text2vec-base-chinese/183bb99aa7af74355fb58d16edf8c13ae7c5433e/tokenizer_config.json "HTTP/1.1 200 OK"
2026-07-17 09:36:48,701 [INFO] HTTP Request: HEAD https://huggingface.co/shibing624/text2vec-base-chinese/resolve/main/config.json "HTTP/1.1 307 Temporary Redirect"
2026-07-17 09:36:48,858 [INFO] HTTP Request: HEAD https://huggingface.co/api/resolve-cache/models/shibing624/text2vec-base-chinese/183bb99aa7af74355fb58d16edf8c13ae7c5433e/config.json "HTTP/1.1 200 OK"
2026-07-17 09:36:49,091 [INFO] HTTP Request: HEAD https://huggingface.co/shibing624/text2vec-base-chinese/resolve/main/config.json "HTTP/1.1 307 Temporary Redirect"
2026-07-17 09:36:49,247 [INFO] HTTP Request: HEAD https://huggingface.co/api/resolve-cache/models/shibing624/text2vec-base-chinese/183bb99aa7af74355fb58d16edf8c13ae7c5433e/config.json "HTTP/1.1 200 OK"
2026-07-17 09:36:49,479 [INFO] HTTP Request: HEAD https://huggingface.co/shibing624/text2vec-base-chinese/resolve/main/tokenizer_config.json "HTTP/1.1 307 Temporary Redirect"
2026-07-17 09:36:49,638 [INFO] HTTP Request: HEAD https://huggingface.co/api/resolve-cache/models/shibing624/text2vec-base-chinese/183bb99aa7af74355fb58d16edf8c13ae7c5433e/tokenizer_config.json "HTTP/1.1 200 OK"
2026-07-17 09:36:49,877 [INFO] HTTP Request: GET https://huggingface.co/api/models/shibing624/text2vec-base-chinese/tree/main/additional_chat_templates?recursive=false&expand=false "HTTP/1.1 404 Not Found"
2026-07-17 09:36:50,111 [INFO] HTTP Request: GET https://huggingface.co/api/models/shibing624/text2vec-base-chinese/tree/main?recursive=true&expand=false "HTTP/1.1 200 OK"
2026-07-17 09:36:50,353 [INFO] HTTP Request: HEAD https://huggingface.co/shibing624/text2vec-base-chinese/resolve/main/1_Pooling/config.json "HTTP/1.1 307 Temporary Redirect"
2026-07-17 09:36:50,511 [INFO] HTTP Request: HEAD https://huggingface.co/api/resolve-cache/models/shibing624/text2vec-base-chinese/183bb99aa7af74355fb58d16edf8c13ae7c5433e/1_Pooling%2Fconfig.json "HTTP/1.1 200 OK"
2026-07-17 09:36:50,751 [INFO] HTTP Request: GET https://huggingface.co/api/models/shibing624/text2vec-base-chinese "HTTP/1.1 200 OK"
2026-07-17 09:36:50,874 [DEBUG] Building prefix dict from the default dictionary ...
2026-07-17 09:36:50,875 [DEBUG] Loading model from cache C:\Users\user\AppData\Local\Temp\jieba.cache
2026-07-17 09:36:51,491 [DEBUG] Loading model cost 0.617 seconds.
2026-07-17 09:36:51,492 [DEBUG] Prefix dict has been built successfully.
2026-07-17 09:36:51,492 [INFO] 搜索: 'CEL函数的用法' 关键词: ['CEL', '函数', '用法']
