2026-07-16 19:29:06,801 [INFO] No device provided, using cpu
2026-07-16 19:29:07,371 [INFO] HTTP Request: HEAD https://huggingface.co/shibing624/text2vec-base-chinese/resolve/main/modules.json "HTTP/1.1 307 Temporary Redirect"
2026-07-16 19:29:07,372 [WARNING] Warning: You are sending unauthenticated requests to the HF Hub. Please set a HF_TOKEN to enable higher rate limits and faster downloads.
2026-07-16 19:29:07,529 [INFO] HTTP Request: HEAD https://huggingface.co/api/resolve-cache/models/shibing624/text2vec-base-chinese/183bb99aa7af74355fb58d16edf8c13ae7c5433e/modules.json "HTTP/1.1 200 OK"
2026-07-16 19:29:07,758 [INFO] HTTP Request: HEAD https://huggingface.co/shibing624/text2vec-base-chinese/resolve/main/config_sentence_transformers.json "HTTP/1.1 404 Not Found"
2026-07-16 19:29:07,759 [INFO] Loading SentenceTransformer model from shibing624/text2vec-base-chinese.
2026-07-16 19:29:07,983 [INFO] HTTP Request: HEAD https://huggingface.co/shibing624/text2vec-base-chinese/resolve/main/config_sentence_transformers.json "HTTP/1.1 404 Not Found"
2026-07-16 19:29:08,211 [INFO] HTTP Request: HEAD https://huggingface.co/shibing624/text2vec-base-chinese/resolve/main/README.md "HTTP/1.1 307 Temporary Redirect"
2026-07-16 19:29:08,371 [INFO] HTTP Request: HEAD https://huggingface.co/api/resolve-cache/models/shibing624/text2vec-base-chinese/183bb99aa7af74355fb58d16edf8c13ae7c5433e/README.md "HTTP/1.1 200 OK"
2026-07-16 19:29:08,598 [INFO] HTTP Request: HEAD https://huggingface.co/shibing624/text2vec-base-chinese/resolve/main/modules.json "HTTP/1.1 307 Temporary Redirect"
2026-07-16 19:29:08,756 [INFO] HTTP Request: HEAD https://huggingface.co/api/resolve-cache/models/shibing624/text2vec-base-chinese/183bb99aa7af74355fb58d16edf8c13ae7c5433e/modules.json "HTTP/1.1 200 OK"
2026-07-16 19:29:09,005 [INFO] HTTP Request: HEAD https://huggingface.co/shibing624/text2vec-base-chinese/resolve/main/sentence_bert_config.json "HTTP/1.1 307 Temporary Redirect"
2026-07-16 19:29:09,164 [INFO] HTTP Request: HEAD https://huggingface.co/api/resolve-cache/models/shibing624/text2vec-base-chinese/183bb99aa7af74355fb58d16edf8c13ae7c5433e/sentence_bert_config.json "HTTP/1.1 200 OK"
2026-07-16 19:29:09,393 [INFO] HTTP Request: HEAD https://huggingface.co/shibing624/text2vec-base-chinese/resolve/main/adapter_config.json "HTTP/1.1 404 Not Found"
2026-07-16 19:29:09,622 [INFO] HTTP Request: HEAD https://huggingface.co/shibing624/text2vec-base-chinese/resolve/main/config.json "HTTP/1.1 307 Temporary Redirect"
2026-07-16 19:29:09,779 [INFO] HTTP Request: HEAD https://huggingface.co/api/resolve-cache/models/shibing624/text2vec-base-chinese/183bb99aa7af74355fb58d16edf8c13ae7c5433e/config.json "HTTP/1.1 200 OK"
2026-07-16 19:29:10,172 [INFO] HTTP Request: HEAD https://huggingface.co/shibing624/text2vec-base-chinese/resolve/main/processor_config.json "HTTP/1.1 404 Not Found"
2026-07-16 19:29:10,408 [INFO] HTTP Request: HEAD https://huggingface.co/shibing624/text2vec-base-chinese/resolve/main/preprocessor_config.json "HTTP/1.1 404 Not Found"
2026-07-16 19:29:10,637 [INFO] HTTP Request: HEAD https://huggingface.co/shibing624/text2vec-base-chinese/resolve/main/video_preprocessor_config.json "HTTP/1.1 404 Not Found"
2026-07-16 19:29:10,866 [INFO] HTTP Request: HEAD https://huggingface.co/shibing624/text2vec-base-chinese/resolve/main/preprocessor_config.json "HTTP/1.1 404 Not Found"
2026-07-16 19:29:11,092 [INFO] HTTP Request: HEAD https://huggingface.co/shibing624/text2vec-base-chinese/resolve/main/tokenizer_config.json "HTTP/1.1 307 Temporary Redirect"
2026-07-16 19:29:11,250 [INFO] HTTP Request: HEAD https://huggingface.co/api/resolve-cache/models/shibing624/text2vec-base-chinese/183bb99aa7af74355fb58d16edf8c13ae7c5433e/tokenizer_config.json "HTTP/1.1 200 OK"
2026-07-16 19:29:11,479 [INFO] HTTP Request: HEAD https://huggingface.co/shibing624/text2vec-base-chinese/resolve/main/config.json "HTTP/1.1 307 Temporary Redirect"
2026-07-16 19:29:11,638 [INFO] HTTP Request: HEAD https://huggingface.co/api/resolve-cache/models/shibing624/text2vec-base-chinese/183bb99aa7af74355fb58d16edf8c13ae7c5433e/config.json "HTTP/1.1 200 OK"
2026-07-16 19:29:11,866 [INFO] HTTP Request: HEAD https://huggingface.co/shibing624/text2vec-base-chinese/resolve/main/config.json "HTTP/1.1 307 Temporary Redirect"
2026-07-16 19:29:12,025 [INFO] HTTP Request: HEAD https://huggingface.co/api/resolve-cache/models/shibing624/text2vec-base-chinese/183bb99aa7af74355fb58d16edf8c13ae7c5433e/config.json "HTTP/1.1 200 OK"
2026-07-16 19:29:12,251 [INFO] HTTP Request: HEAD https://huggingface.co/shibing624/text2vec-base-chinese/resolve/main/tokenizer_config.json "HTTP/1.1 307 Temporary Redirect"
2026-07-16 19:29:12,409 [INFO] HTTP Request: HEAD https://huggingface.co/api/resolve-cache/models/shibing624/text2vec-base-chinese/183bb99aa7af74355fb58d16edf8c13ae7c5433e/tokenizer_config.json "HTTP/1.1 200 OK"
2026-07-16 19:29:12,645 [INFO] HTTP Request: GET https://huggingface.co/api/models/shibing624/text2vec-base-chinese/tree/main/additional_chat_templates?recursive=false&expand=false "HTTP/1.1 404 Not Found"
2026-07-16 19:29:12,874 [INFO] HTTP Request: GET https://huggingface.co/api/models/shibing624/text2vec-base-chinese/tree/main?recursive=true&expand=false "HTTP/1.1 200 OK"
2026-07-16 19:29:13,123 [INFO] HTTP Request: HEAD https://huggingface.co/shibing624/text2vec-base-chinese/resolve/main/1_Pooling/config.json "HTTP/1.1 307 Temporary Redirect"
2026-07-16 19:29:13,279 [INFO] HTTP Request: HEAD https://huggingface.co/api/resolve-cache/models/shibing624/text2vec-base-chinese/183bb99aa7af74355fb58d16edf8c13ae7c5433e/1_Pooling%2Fconfig.json "HTTP/1.1 200 OK"
2026-07-16 19:29:13,515 [INFO] HTTP Request: GET https://huggingface.co/api/models/shibing624/text2vec-base-chinese "HTTP/1.1 200 OK"
2026-07-16 19:29:13,656 [DEBUG] Building prefix dict from the default dictionary ...
2026-07-16 19:29:13,656 [DEBUG] Loading model from cache C:\Users\user\AppData\Local\Temp\jieba.cache
2026-07-16 19:29:14,257 [DEBUG] Loading model cost 0.601 seconds.
2026-07-16 19:29:14,257 [DEBUG] Prefix dict has been built successfully.
2026-07-16 19:29:14,258 [INFO] 搜索: '如何连接数据库' 关键词: ['连接', '数据库']
